<html>
<body>
<pre>
<h1>µVision Build Log</h1>
<h2>Tool Versions:</h2>
IDE-Version: ¦ÌVision V5.38.0.0
Copyright (C) 2022 ARM Ltd and ARM Germany GmbH. All rights reserved.
License Information: 1 Administrator, 2, LIC=03C6R-KA226-56XQ2-9IM3L-JUCXF-SV4IG
 
Tool Versions:
Toolchain:       MDK-ARM Plus  Version: 5.36.0.0
Toolchain Path:  D:\Application software\MDK5.36\ARM\ARMCC\Bin
C Compiler:      Armcc.exe V5.06 update 7 (build 960)
Assembler:       Armasm.exe V5.06 update 7 (build 960)
Linker/Locator:  ArmLink.exe V5.06 update 7 (build 960)
Library Manager: ArmAr.exe V5.06 update 7 (build 960)
Hex Converter:   FromElf.exe V5.06 update 7 (build 960)
CPU DLL:         SARMCM3.DLL V5.36.0.0
Dialog DLL:      DCM.DLL V1.17.3.0
Target DLL:      UL2CM3.DLL V1.164.0.0
Dialog DLL:      TCM.DLL V1.53.0.0
 
<h2>Project:</h2>
C:\Users\Administrator\Desktop\Code\driver20240906\stm32\010SoftTimer\user\SoftTimer.uvprojx
Project File Date:  12/08/2024

<h2>Output:</h2>
*** Using Compiler 'V5.06 update 7 (build 960)', folder: 'D:\Application software\MDK5.36\ARM\ARMCC\Bin'
Build target 'Target 1'
compiling main.c...
main.c(38): warning:  #177-D: variable "flag"  was declared but never referenced
  	uint8_t flag = 0;
main.c: 1 warning, 0 errors
compiling app_softTimer.c...
..\app\app_softTimer.c(13): warning:  #513-D: a value of type "DDA_Err_t (*)(void)" cannot be assigned to an entity of type "void (*)(void *)"
  	g_callback = SchedulCheck;
..\app\app_softTimer.c(25): warning:  #513-D: a value of type "void (*)(void)" cannot be assigned to an entity of type "void (*)(void *)"
  	timerNode->callback = callback;
..\app\app_softTimer.c: 2 warnings, 0 errors
linking...
Program Size: Code=4432 RO-data=336 RW-data=56 ZI-data=1248  
FromELF: creating hex file...
"..\out\SoftTimer.axf" - 0 Error(s), 3 Warning(s).

<h2>Software Packages used:</h2>

Package Vendor: Keil
                http://www.keil.com/pack/Keil.STM32F1xx_DFP.2.3.0.pack
                Keil.STM32F1xx_DFP.2.3.0
                STMicroelectronics STM32F1 Series Device Support, Drivers and Examples

<h2>Collection of Component include folders:</h2>
  D:/Application software/MDK5.36/Packs/Keil/STM32F1xx_DFP/2.3.0/Device/Include

<h2>Collection of Component Files used:</h2>
Build Time Elapsed:  00:00:07
</pre>
</body>
</html>
